2026-09-11 16:50:55,123 [INFO] 427 row(s) already in course_profiles.csv; 99 to do
2026-09-11 16:50:57,765 [INFO] [1/99] Scraptoft Golf Club                    parkland    6257   several yardages — check which tee
2026-09-11 16:51:00,283 [INFO] [2/99] Glen Gorse Golf Club                   parkland    6751   several yardages — check which tee
2026-09-11 16:51:02,429 [INFO] [3/99] Longcliffe Golf Club                   heathland   6612   
2026-09-11 16:51:05,325 [INFO] [4/99] Charnwood Forest Golf Course           heathland   6125   several yardages — check which tee
2026-09-11 16:51:08,040 [INFO] [5/99] Melton Mowbray Golf Club               parkland    6112   several yardages — check which tee
2026-09-11 16:52:04,396 [INFO] [6/99] Beedles Lake Golf Course (1st Tee Main parkland    -      no yardage found
2026-09-11 16:52:57,916 [INFO] [7/99] Beedles Lake Golf Course (Little Owl)  parkland    -      no yardage found
2026-09-11 16:53:20,126 [INFO] [8/99] Greetham Valley Golf Course (Lakes)    -           -      no yardage found
2026-09-11 16:53:41,891 [INFO] [9/99] Greetham Valley Golf Course (Valley)   -           -      no yardage found
2026-09-11 16:54:03,929 [INFO] [10/99] Greetham Valley Golf Course (Academy)  -           -      no yardage found
2026-09-11 16:54:09,749 [INFO] [11/99] Wollaton Park Golf Club (1st Tee)      parkland    6513   
2026-09-11 16:54:12,226 [INFO] [12/99] Nottingham City Golf Club (1st Tee)    parkland    6097   
2026-09-11 16:54:34,035 [INFO] [13/99] Bulwell Forest Golf Club               parkland    5590   several yardages — check which tee
2026-09-11 16:54:47,056 [INFO] [14/99] Ramsdale Golf Centre                   parkland    6672   
2026-09-11 16:54:52,222 [INFO] [15/99] Oakmere Park Golf Club                 heathland   6753   several yardages — check which tee
2026-09-11 16:55:31,693 [INFO] [16/99] Springwater Golf Club                  parkland    -      no yardage found
2026-09-11 16:55:59,528 [INFO] [17/99] Southwell Golf Club                    -           5773   several yardages — check which tee
2026-09-11 16:56:02,565 [INFO] [18/99] Hollinwell                             heathland   7250   several yardages — check which tee
2026-09-11 16:56:08,016 [INFO] [19/99] Worksop Golf Club                      heathland   6721   several yardages — check which tee
2026-09-11 16:56:12,458 [INFO] [20/99] Sherwood Forest Golf Club              heathland   6835   
2026-09-11 16:56:15,232 [INFO] [21/99] Retford Golf Club                      parkland    6196   several yardages — check which tee
2026-09-11 16:56:19,841 [INFO] [22/99] Mapperley Golf Course (1st Tee)        parkland    6303   several yardages — check which tee
2026-09-11 16:56:24,228 [INFO] [23/99] Mickleover Golf Course                 parkland    5761   
2026-09-11 16:56:26,681 [INFO] [24/99] Morley Hayes                           parkland    6789   several yardages — check which tee
2026-09-11 16:56:47,785 [INFO] [25/99] Sickleholme Golf Club                  parkland    6064   several yardages — check which tee
2026-09-11 16:57:19,830 [INFO] [26/99] Bakewell Golf Club                     -           -      no yardage found
2026-09-11 16:57:41,742 [INFO] [27/99] Bondhay Golf Club and Academy (1st Tee parkland    7000   
2026-09-11 16:57:44,478 [INFO] [28/99] Chesterfield Golf Club                 parkland    6281   
2026-09-11 16:57:46,923 [INFO] [29/99] Hallowes Golf Club                     parkland    6310   several yardages — check which tee
2026-09-11 16:58:13,200 [INFO] [30/99] Trent Lock Golf Centre (Riverside)     -           -      no yardage found
2026-09-11 16:58:39,520 [INFO] [31/99] Trent Lock Golf Centre (Canal Side 9 h -           -      no yardage found
2026-09-11 16:58:41,969 [INFO] [32/99] Whittington Heath Golf Club            heathland   6658   
2026-09-11 16:58:45,612 [INFO] [33/99] The Mount Golf & Country Club          parkland    6636   several yardages — check which tee
2026-09-11 16:59:09,787 [INFO] [34/99] JCB Golf & Country Club                -           -      no yardage found
2026-09-11 16:59:22,787 [INFO] [35/99] Penn Common Golf Course                heathland   6453   several yardages — check which tee
2026-09-11 17:00:07,345 [INFO] [36/99] Evesham Golf Course                    -           -      no yardage found
2026-09-11 17:00:41,003 [INFO] [37/99] Bromsgrove Golf Centre (Bromsgrove 1st -           -      no yardage found
2026-09-11 17:01:04,319 [INFO] [38/99] Wharton Park Golf & Country Club       -           -      no yardage found
2026-09-11 17:01:10,751 [INFO] [39/99] The Kidderminster Golf Club            parkland    6441   
2026-09-11 17:01:13,373 [INFO] [40/99] Oswestry Golf Course                   parkland    5926   several yardages — check which tee
2026-09-11 17:01:55,906 [INFO] [41/99] Shifnal Golf Club (1st Tee)            -           -      no yardage found
2026-09-11 17:02:22,960 [INFO] [42/99] Market Drayton Golf Club               parkland    -      no yardage found
2026-09-11 17:02:27,929 [INFO] [43/99] Shrewsbury Golf Club                   parkland    6198   
2026-09-11 17:02:30,673 [INFO] [44/99] Woodhall Spa National Golf Centre (Hot parkland    6643   types seen: parkland/links; several yardag
2026-09-11 17:02:32,966 [INFO] [45/99] Woodhall Spa National Golf Centre (Bra parkland    6643   types seen: parkland/links; several yardag
2026-09-11 17:02:36,292 [INFO] [46/99] North Shore Golf Course                parkland    6214   
2026-09-11 17:02:46,265 [INFO] [47/99] Belton Park Golf Club (All Courses)    parkland    6490   several yardages — check which tee
2026-09-11 17:03:23,173 [INFO] [48/99] The Toft Country House Hotel and Golf  -           6369   several yardages — check which tee
2026-09-11 17:03:35,427 [INFO] [49/99] Boston Golf Club                       parkland    6415   several yardages — check which tee
2026-09-11 17:03:39,596 [INFO] [50/99] Blankney Golf Club                     parkland    6309   several yardages — check which tee
2026-09-11 17:05:28,166 [INFO] [51/99] Exeter Golf and Country Golf Club      parkland    -      no yardage found
2026-09-11 17:05:30,727 [INFO] [52/99] Torquay Golf Club (Torquay Golf Club)  parkland    5559   several yardages — check which tee
2026-09-11 17:06:21,151 [INFO] [53/99] Tiverton Golf Club                     parkland    -      no yardage found
2026-09-11 17:06:25,999 [INFO] [54/99] Thurlestone Hotel Golf Course          links       6175   
2026-09-11 17:07:13,967 [INFO] [55/99] Elfordleigh Hotel Golf & Country Club  parkland    -      no yardage found
2026-09-11 17:07:18,006 [INFO] [56/99] Royal North Devon                      links       7085   several yardages — check which tee
2026-09-11 17:07:41,664 [INFO] [57/99] Holsworthy Golf Club                   parkland    -      no yardage found
2026-09-11 17:08:09,221 [INFO] [58/99] Axe Cliff Golf Course                  -           5913   
2026-09-11 17:08:33,596 [INFO] [59/99] Woodbury Park Hotel & Golf Club (The O -           -      no yardage found
2026-09-11 17:08:55,683 [INFO] [60/99] Woodbury Park Hotel & Golf Club (The A -           -      no yardage found
2026-09-11 17:09:00,239 [INFO] [61/99] Stover Golf Club                       parkland    6357   
2026-09-11 17:09:03,208 [INFO] [62/99] Yelverton Golf Club                    moorland    6302   
2026-09-11 17:09:43,119 [INFO] [63/99] Dainton Park Golf Club                 parkland    6400   several yardages — check which tee
2026-09-11 17:09:53,240 [INFO] [64/99] Portmore Golf Park (1st Tee)           parkland    6289   
2026-09-11 17:10:22,756 [INFO] [65/99] Exminster Golf Centre                  -           5255   several yardages — check which tee
2026-09-11 17:10:47,771 [INFO] [66/99] Bigbury Golf Club                      -           -      no yardage found
2026-09-11 17:11:09,973 [INFO] [67/99] Churston Golf Club                     -           -      no yardage found
2026-09-11 17:11:12,453 [INFO] [68/99] Honiton Golf Club                      parkland    5672   several yardages — check which tee
2026-09-11 17:11:15,188 [INFO] [69/99] Saunton Golf Course (East)             links       6741   several yardages — check which tee
2026-09-11 17:11:17,938 [INFO] [70/99] Saunton Golf Course (West)             links       6741   several yardages — check which tee
2026-09-11 17:11:19,305 [INFO] [71/99] Staddon Heights Golf Club              clifftop    6068   
2026-09-11 17:11:22,170 [INFO] [72/99] Downes Crediton Golf Club (Summer)     parkland    5954   several yardages — check which tee
2026-09-11 17:11:25,267 [INFO] [73/99] Budock Vean Golf Club                  parkland    5143   
2026-09-11 17:11:29,990 [INFO] [74/99] Lanhydrock Hotel & Golf Club (1st Tee) parkland    6078   
2026-09-11 17:11:32,251 [INFO] [75/99] St Enodoc Golf Club (The Church)       links       6557   
2026-09-11 17:11:34,392 [INFO] [76/99] St Enodoc Golf Club (The Holywell)     links       6557   
2026-09-11 17:11:36,716 [INFO] [77/99] Truro Golf Club (1st Tee)              parkland    5372   
2026-09-11 17:12:00,898 [INFO] [78/99] Newquay Golf Course                    links       -      no yardage found
2026-09-11 17:12:32,418 [INFO] [79/99] Mullion Golf Course                    clifftop    6053   several yardages — check which tee
2026-09-11 17:12:59,174 [INFO] [80/99] Bude & North Cornwall Golf Course      links       -      no yardage found
2026-09-11 17:13:27,896 [INFO] [81/99] Whitsand Bay Golf Club                 -           6015   
2026-09-11 17:13:34,300 [INFO] [82/99] Launceston Golf Club                   parkland    6385   several yardages — check which tee
2026-09-11 17:13:37,666 [INFO] [83/99] Perranporth Golf Club (1st Tee)        clifftop    6700   types seen: clifftop/links; several yardag
2026-09-11 17:13:40,574 [INFO] [84/99] St Austell Golf Course                 parkland    6042   
2026-09-11 17:14:40,884 [INFO] [85/99] Mawgan Porth Golf Club                 heathland   -      no yardage found
2026-09-11 17:15:22,974 [INFO] [86/99] Porthpean Golf Club                    parkland    -      no yardage found
2026-09-11 17:15:24,078 [INFO] [87/99] Tehidy Park Golf Club (Tehidy Park)    parkland    6261   
2026-09-11 17:15:26,462 [INFO] [88/99] Bowood Park Golf Course                parkland    6692   
2026-09-11 17:16:21,912 [INFO] [89/99] Cape Cornwall Club (1st Tee)           -           5672   several yardages — check which tee
2026-09-11 17:16:24,623 [INFO] [90/99] Radcliffe-on-Trent Golf Club           parkland    6495   
2026-09-11 17:16:54,770 [INFO] [91/99] Alfreton Golf Club                     parkland    -      no yardage found
2026-09-11 17:17:36,116 [INFO] [92/99] Teignmouth Golf Course                 moorland    -      no yardage found
2026-09-11 17:17:39,890 [INFO] [93/99] Tavistock Golf Club                    moorland    6512   several yardages — check which tee
2026-09-11 17:19:02,497 [INFO] [94/99] Illfracombe Golf Club                  -           -      no yardage found
2026-09-11 17:19:32,646 [INFO] [95/99] Dartmouth Golf And Country Club (Champ -           7200   
2026-09-11 17:20:02,611 [INFO] [96/99] Dartmouth Golf And Country Club (Dartm -           7200   
2026-09-11 17:20:05,857 [INFO] [97/99] St. Mellion International Resort (Nick parkland    5143   
2026-09-11 17:20:09,425 [INFO] [98/99] St. Mellion International Resort (Kern parkland    5143   
2026-09-11 17:20:21,979 [INFO] [99/99] Point at Polzeath Golf Course          parkland    6300   
2026-09-11 17:20:21,983 [INFO] wrote 526 row(s) -> course_profiles.csv  (170 with both type and yardage; EYEBALL these before loading)
