2026-09-11 14:19:43,270 [INFO] 300 row(s) already in course_profiles.csv; 127 to do
2026-09-11 14:20:39,715 [INFO] [1/127] Tilsworth Golf Course                  -           -      no yardage found
2026-09-11 14:21:15,696 [INFO] [2/127] The Millbrook Golf Club (1st Tee)      heathland   -      no yardage found
2026-09-11 14:21:18,415 [INFO] [3/127] Leighton Buzzard Golf Club             parkland    6032   several yardages — check which tee
2026-09-11 14:21:22,957 [INFO] [4/127] Bedford and County Golf Club           parkland    6327   
2026-09-11 14:21:59,299 [INFO] [5/127] South Beds Golf Club                   downland    -      no yardage found
2026-09-11 14:22:28,891 [INFO] [6/127] Aylesbury Vale Golf Club (18 Holes)    -           6593   
2026-09-11 14:22:51,133 [INFO] [7/127] Cainhoe Wood Golf Club (Manor)         -           -      no yardage found
2026-09-11 14:22:52,526 [INFO] [8/127] Ely City Golf Club                     parkland    6279   
2026-09-11 14:23:07,050 [INFO] [9/127] March Golf Club                        parkland    6103   several yardages — check which tee
2026-09-11 14:23:11,431 [INFO] [10/127] Ramsey Golf & Bowls Club               parkland    5751   
2026-09-11 14:23:33,395 [INFO] [11/127] Elton Furze Golf Club                  -           -      no yardage found
2026-09-11 14:23:40,228 [INFO] [12/127] Kingsthorpe Golf Course                parkland    5854   
2026-09-11 14:24:07,105 [INFO] [13/127] Kilworth Springs                       -           -      no yardage found
2026-09-11 14:24:40,498 [INFO] [14/127] Oundle Golf Club                       parkland    -      no yardage found
2026-09-11 14:24:48,902 [INFO] [15/127] Hellidon Lakes Golf Club (The Hellidon parkland    6187   
2026-09-11 14:24:57,348 [INFO] [16/127] Hellidon Lakes Golf Club (The Lakes)   parkland    6187   
2026-09-11 14:25:06,450 [INFO] [17/127] Hellidon Lakes Golf Club (The Valley)  parkland    6187   
2026-09-11 14:25:28,713 [INFO] [18/127] Collingtree Park Golf Club (1st Tee)   -           -      no yardage found
2026-09-11 14:25:31,516 [INFO] [19/127] Rushden Golf Club                      parkland    6460   several yardages — check which tee
2026-09-11 14:25:56,070 [INFO] [20/127] St Audrys Golf Club                    -           4047   several yardages — check which tee
2026-09-11 14:25:57,368 [INFO] [21/127] Bury St Edmunds Golf Club - Championsh links       6676   several yardages — check which tee
2026-09-11 14:25:58,523 [INFO] [22/127] Bury St Edmunds Golf Club - Championsh links       6676   several yardages — check which tee
2026-09-11 14:26:28,365 [INFO] [23/127] Stowmarket Golf Club                   parkland    -      no yardage found
2026-09-11 14:26:50,594 [INFO] [24/127] Rookery Park Golf Club - Main Course   -           6714   
2026-09-11 14:27:21,204 [INFO] [25/127] Ipswich Golf Club                      heathland   -      no yardage found
2026-09-11 14:27:23,570 [INFO] [26/127] Thorpeness Hotel & Golf Club           heathland   6311   
2026-09-11 14:27:27,162 [INFO] [27/127] Eaton Golf Club (Norwich) (1st Tee)    parkland    6138   
2026-09-11 14:27:28,346 [INFO] [28/127] Costessey Park Golf Course             parkland    6107   
2026-09-11 14:27:32,092 [INFO] [29/127] Thetford Golf Club (Thetford)          heathland   6849   
2026-09-11 14:27:54,655 [INFO] [30/127] Great Yarmouth and Caister Golf Club   -           -      no yardage found
2026-09-11 14:27:59,868 [INFO] [31/127] Bawburgh Golf Course                   heathland   6722   types seen: heathland/parkland
2026-09-11 14:28:23,894 [INFO] [32/127] Caldecott Hall (Main Course)           -           -      no yardage found
2026-09-11 14:29:07,486 [INFO] [33/127] Mattishall Golf Club                   parkland    -      no yardage found
2026-09-11 14:29:39,476 [INFO] [34/127] Whitley Golf Club                      parkland    -      no yardage found
2026-09-11 14:29:43,975 [INFO] [35/127] Rushmore Golf Club                     parkland    6349   types seen: parkland/links; several yardag
2026-09-11 14:31:21,072 [INFO] [36/127] Ogbourne Downs Golf Club               downland    -      no yardage found
2026-09-11 14:31:23,978 [INFO] [37/127] Marlborough Golf Course (Marlborough)  downland    6444   types seen: downland/parkland
2026-09-11 14:32:14,898 [INFO] [38/127] Wiltshire Golf and Country Club (Lakes -           6628   
2026-09-11 14:33:06,200 [INFO] [39/127] Wiltshire Golf and Country Club (Garde -           6628   
2026-09-11 14:33:12,424 [INFO] [40/127] Salisbury Golf Centre (Cathedral)      downland    6474   
2026-09-11 14:33:17,615 [INFO] [41/127] Salisbury Golf Centre (Bibury 9 Hole)  downland    6474   
2026-09-11 14:33:21,585 [INFO] [42/127] Tidworth Garrison Golf Club            downland    6161   several yardages — check which tee
2026-09-11 14:33:47,496 [INFO] [43/127] Upavon Golf Club                       -           6722   
2026-09-11 14:34:12,409 [INFO] [44/127] Basset Down Golf Course (Basset Down G -           -      no yardage found
2026-09-11 14:34:15,289 [INFO] [45/127] High Post Golf Club                    downland    6031   several yardages — check which tee
2026-09-11 14:34:37,282 [INFO] [46/127] Meyrick Park Golf Course               -           -      no yardage found
2026-09-11 14:34:40,800 [INFO] [47/127] Lyme Regis Golf Club (1st Tee)         clifftop    6264   
2026-09-11 14:35:06,043 [INFO] [48/127] Came Down Golf Club (1st Tee)          downland    -      no yardage found
2026-09-11 14:35:33,715 [INFO] [49/127] Parley Golf Centre Course              -           -      no yardage found
2026-09-11 14:35:58,457 [INFO] [50/127] Broadstone Golf Club                   heathland   -      no yardage found
2026-09-11 14:36:25,223 [INFO] [51/127] Bulbury Woods Golf Club                -           6001   
2026-09-11 14:36:52,630 [INFO] [52/127] Highcliffe Castle Golf Club            -           -      no yardage found
2026-09-11 14:37:17,374 [INFO] [53/127] Ashley Wood Golf Club                  downland    -      no yardage found
2026-09-11 14:37:40,819 [INFO] [54/127] Queen's Park Golf Course               heathland   -      types seen: heathland/parkland; no yardage
2026-09-11 14:38:40,340 [INFO] [55/127] Sturminster Marshall Golf Club         -           -      no yardage found
2026-09-11 14:39:05,885 [INFO] [56/127] Wareham Golf Club                      -           5572   several yardages — check which tee
2026-09-11 14:39:29,548 [INFO] [57/127] Wessex Golf Centre                     -           -      no yardage found
2026-09-11 14:39:32,394 [INFO] [58/127] Isle of Purbeck Golf Course (Purbeck)  heathland   4014   types seen: heathland/links
2026-09-11 14:39:34,876 [INFO] [59/127] Isle of Purbeck Golf Course (Dene)     heathland   4014   types seen: heathland/links
2026-09-11 14:39:59,245 [INFO] [60/127] Christchurch Golf Club - Stour Course  -           -      no yardage found
2026-09-11 14:40:03,324 [INFO] [61/127] Yeovil Golf Club (Old)                 parkland    6043   several yardages — check which tee
2026-09-11 14:40:07,029 [INFO] [62/127] Yeovil Golf Club (Newton)              parkland    6043   several yardages — check which tee
2026-09-11 14:40:23,396 [INFO] [63/127] Wells Golf Club                        parkland    5714   types seen: parkland/woodland; several yar
2026-09-11 14:40:28,528 [INFO] [64/127] Saltford Golf Club                     parkland    6183   several yardages — check which tee
2026-09-11 14:40:54,530 [INFO] [65/127] Mendip Spring Golf Club - Brinsea Cham -           -      no yardage found
2026-09-11 14:41:21,263 [INFO] [66/127] Mendip Spring Golf Club - Brinsea Cham -           -      no yardage found
2026-09-11 14:41:25,005 [INFO] [67/127] Clevedon Golf Club                     parkland    6492   
2026-09-11 14:41:26,370 [INFO] [68/127] Tall Pines Golf Club                   parkland    6067   
2026-09-11 14:41:27,786 [INFO] [69/127] Bristol & Clifton Golf Club (Bristol & parkland    6413   
2026-09-11 14:41:29,412 [INFO] [70/127] Orchardleigh Golf Club                 parkland    6824   
2026-09-11 14:41:52,456 [INFO] [71/127] Tickenham Golf Club                    -           -      no yardage found
2026-09-11 14:42:16,644 [INFO] [72/127] Long Ashton Golf Club                  parkland    -      no yardage found
2026-09-11 14:42:20,560 [INFO] [73/127] Bath Golf Club (Bath GC)               downland    6464   
2026-09-11 14:42:27,437 [INFO] [74/127] Thornbury Golf Centre                  parkland    6300   several yardages — check which tee
2026-09-11 14:42:56,576 [INFO] [75/127] Gloucester Golf Club                   -           -      no yardage found
2026-09-11 14:43:08,109 [INFO] [76/127] Lilley Brook Golf Course               parkland    6212   
2026-09-11 14:43:11,300 [INFO] [77/127] Brickhampton Court Golf Complex (Glevu parkland    5143   
2026-09-11 14:43:20,413 [INFO] [78/127] Forest Hills Golf Club                 parkland    6432   
2026-09-11 14:43:57,103 [INFO] [79/127] Stinchcombe Hill Golf Course           -           5809   
2026-09-11 14:44:00,957 [INFO] [80/127] Filton Golf Course                     parkland    6193   
2026-09-11 14:44:25,844 [INFO] [81/127] Naunton Downs Golf Club                -           -      no yardage found
2026-09-11 14:44:46,703 [INFO] [82/127] Woodlands Golf & Country Club (Masters parkland    6139   
2026-09-11 14:45:07,114 [INFO] [83/127] Woodlands Golf & Country Club (Signatu parkland    6139   
2026-09-11 14:45:31,316 [INFO] [84/127] Bristol Golf Club (Championship)       -           -      no yardage found
2026-09-11 14:45:54,522 [INFO] [85/127] Bristol Golf Club (Par 3)              -           -      no yardage found
2026-09-11 14:46:25,499 [INFO] [86/127] Cirencester Golf Club                  -           6251   
2026-09-11 14:46:54,820 [INFO] [87/127] South Cerney Golf Course               -           -      no yardage found
2026-09-11 14:47:37,379 [INFO] [88/127] Sherdons Golf Centre                   -           -      no yardage found
2026-09-11 14:48:23,180 [INFO] [89/127] Rodway Hill Golf Club                  -           6071   
2026-09-11 14:48:51,971 [INFO] [90/127] Minchinhampton Golf Club (Cherington)  -           -      no yardage found
2026-09-11 14:49:15,297 [INFO] [91/127] Minchinhampton Golf Club (Avening)     -           -      no yardage found
2026-09-11 14:49:37,608 [INFO] [92/127] Minchinhampton Golf Club (Old)         -           -      no yardage found
2026-09-11 14:50:09,487 [INFO] [93/127] Cleeve Hill Golf Club                  -           -      no yardage found
2026-09-11 14:50:36,821 [INFO] [94/127] Henbury Golf Club                      -           5979   several yardages — check which tee
2026-09-11 14:50:59,064 [INFO] [95/127] Puckrup Hall Hotel & Golf Club         parkland    6293   several yardages — check which tee
2026-09-11 14:51:26,338 [INFO] [96/127] Ross-on-Wye Golf Club (Ross-on-Wye)    -           -      no yardage found
2026-09-11 14:51:53,171 [INFO] [97/127] South Herefordshire Golf Club          -           6428   
2026-09-11 14:52:18,855 [INFO] [98/127] Woodspring Golf & Country Club (18 Hol parkland    -      no yardage found
2026-09-11 14:52:44,048 [INFO] [99/127] Woodspring Golf & Country Club (9 Hole parkland    -      no yardage found
2026-09-11 14:53:09,598 [INFO] [100/127] Woodspring Golf & Country Club (9 Hole parkland    -      no yardage found
2026-09-11 14:53:10,916 [INFO] [101/127] Stoneleigh Deer Park Golf Club (Tantar parkland    6056   
2026-09-11 14:53:12,067 [INFO] [102/127] Stoneleigh Deer Park Golf Club (Par 3  parkland    6056   
2026-09-11 14:53:13,231 [INFO] [103/127] Stoneleigh Deer Park Golf Club (Back 9 parkland    6056   
2026-09-11 14:53:15,944 [INFO] [104/127] Kenilworth Golf Club                   parkland    6053   several yardages — check which tee
2026-09-11 14:53:48,066 [INFO] [105/127] Lea Marston Golf Course                -           -      no yardage found
2026-09-11 14:53:50,998 [INFO] [106/127] Welford-on-Avon Golf Course            parkland    6080   
2026-09-11 14:54:20,636 [INFO] [107/127] Whitefields                            -           6289   
2026-09-11 14:54:23,870 [INFO] [108/127] Little Aston Golf Club                 parkland    6772   
2026-09-11 14:54:46,028 [INFO] [109/127] Walsall Golf Club                      -           -      no yardage found
2026-09-11 14:55:12,256 [INFO] [110/127] Lickey Hills Golf Course (18 Holes)    -           -      no yardage found
2026-09-11 14:55:58,321 [INFO] [111/127] Great Barr Golf Club                   parkland    -      no yardage found
2026-09-11 14:56:44,726 [INFO] [112/127] Calderfields Golf and Country Club     parkland    -      types seen: parkland/links; no yardage fou
2026-09-11 14:57:10,707 [INFO] [113/127] Dudley Golf Club                       -           5753   several yardages — check which tee
2026-09-11 14:57:43,302 [INFO] [114/127] Nailcote Hall                          -           -      no yardage found
2026-09-11 14:58:08,848 [INFO] [115/127] Copt Heath Golf Club (Copt Heath)      -           6541   
2026-09-11 14:59:48,754 [INFO] [116/127] Wergs Golf Club (1st Tee)              -           6949   
2026-09-11 14:59:54,924 [INFO] [117/127] The South Staffordshire Golf Club      parkland    6594   several yardages — check which tee
2026-09-11 15:01:06,430 [INFO] [118/127] The Old Nene Golf & Country Club       -           -      no yardage found
2026-09-11 15:01:27,803 [INFO] [119/127] Ufford Park Golf Course (1st Tee)      -           -      no yardage found
2026-09-11 15:01:50,817 [INFO] [120/127] Newton Green Golf Course (1st Tee)     -           5961   several yardages — check which tee
2026-09-11 15:02:14,499 [INFO] [121/127] Bungay & Waveney Valley Golf Club      heathland   -      no yardage found
2026-09-11 15:02:37,528 [INFO] [122/127] Swaffham Golf Club                     -           -      no yardage found
2026-09-11 15:03:04,502 [INFO] [123/127] Barnham Broom                          -           6689   several yardages — check which tee
2026-09-11 15:04:23,638 [INFO] [124/127] Hamptworth Golf & Country Club         -           -      no yardage found
2026-09-11 15:05:01,355 [INFO] [125/127] Burnham & Berrow Golf Club (Championsh links       -      no yardage found
2026-09-11 15:05:40,174 [INFO] [126/127] Burnham & Berrow Golf Club (Channel -  links       -      no yardage found
2026-09-11 15:06:05,458 [INFO] [127/127] Hatchford Brook Golf Course (18 Holes) -           -      no yardage found
2026-09-11 15:06:05,463 [INFO] wrote 427 row(s) -> course_profiles.csv  (144 with both type and yardage; EYEBALL these before loading)
